../Core/Src/main.c:226:5:main	8	static
../Core/Src/main.c:287:6:SystemClock_Config	88	static
../Core/Src/main.c:334:13:MX_FDCAN1_Init	8	static
../Core/Src/main.c:377:13:MX_SPI1_Init	8	static
../Core/Src/main.c:417:13:MX_TIM6_Init	24	static
../Core/Src/main.c:455:13:MX_GPIO_Init	40	static
../Core/Src/main.c:491:9:Crc8Saej1850	32	static
../Core/Src/main.c:514:6:ConfigICM42607T	40	static
../Core/Src/main.c:546:6:ReadImuICM42607T	40	static
../Core/Src/main.c:567:6:CanInitial	4	static
../Core/Src/main.c:601:6:CanOutput	8	static
../Core/Src/main.c:628:6:SPI2SWNSSTransmitReceive	32	static
../Core/Src/main.c:635:10:GetRealAccelerometer	32	static
../Core/Src/main.c:644:10:GetRealGyroscope	32	static
../Core/Src/main.c:653:10:GetRealGx	40	static
../Core/Src/main.c:662:6:HAL_TIM_PeriodElapsedCallback	16	static
../Core/Src/main.c:676:6:Error_Handler	4	static,ignoring_inline_asm
